---
source: crates/ruff/src/rules/ruff/mod.rs
---
RUF011.py:8:34: RUF011 Do not use mutable default values for class attributes
   |
 8 | class A:
 9 |     mutable_default: list[int] = []
   |                                  ^^ RUF011
10 |     immutable_annotation: typing.Sequence[int] = []
11 |     without_annotation = []
   |

RUF011.py:10:26: RUF011 Do not use mutable default values for class attributes
   |
10 |     mutable_default: list[int] = []
11 |     immutable_annotation: typing.Sequence[int] = []
12 |     without_annotation = []
   |                          ^^ RUF011
13 |     ignored_via_comment: list[int] = []  # noqa: RUF011
14 |     correct_code: list[int] = KNOWINGLY_MUTABLE_DEFAULT
   |

RUF011.py:17:34: RUF011 Do not use mutable default values for class attributes
   |
17 | class B:
18 |     mutable_default: list[int] = []
   |                                  ^^ RUF011
19 |     immutable_annotation: Sequence[int] = []
20 |     without_annotation = []
   |

RUF011.py:19:26: RUF011 Do not use mutable default values for class attributes
   |
19 |     mutable_default: list[int] = []
20 |     immutable_annotation: Sequence[int] = []
21 |     without_annotation = []
   |                          ^^ RUF011
22 |     ignored_via_comment: list[int] = []  # noqa: RUF011
23 |     correct_code: list[int] = KNOWINGLY_MUTABLE_DEFAULT
   |


